import of `` from `` is ambiguous since it's listed twice in the core module
     --> ../../tests/implement3.wit:6:15
      |
    6 |   (@interface implement (import "" "") (func 1)))
      |               ^
