failed to find func named `$foo`
     --> ../../tests/implement4.wit:4:31
      |
    4 |   (@interface implement (func $foo) (func 1))
      |                               ^
