failed to find adapter func named `$foo`
     --> ../../tests/implement5.wit:5:40
      |
    5 |   (@interface implement (func 1) (func $foo))
      |                                        ^
