import of `` from `` not found in core module
     --> ../../tests/implement2.wit:5:15
      |
    5 |   (@interface implement (import "" "") (func 1)))
      |               ^
