(module
  (type (;0;) (func))
  (import "a" "b" (func $core (type 0)))
  (import "b" "c" (func (;1;) (type 0)))
  (import "b" "c" (func $bar (type 0)))
  (@interface type (func))
  (@interface type (func (param s32)))
  (@interface func (type 0))
  (@interface func (type 1))
  (@interface implement (func $core) (func 100))
  (@interface implement (func $bar) (func 100))
  (@interface implement (func $core) (func 100))
  (@interface implement (func $core) (func 0))
  (@interface implement (func $core) (func 1)))