unexpected token, expected one of: `type`, `import`, `export`, `func`, `implement`
     --> ../../tests/not-interface2.wit:5:15
      |
    5 |   (@interface foo))
      |               ^
