failed to find type named `$foo`
     --> ../../tests/unresolved3.wit:4:42
      |
    4 |   (@interface import "x" "y" (func (type $foo))))
      |                                          ^
